========================================
DATE : 2026-02-20 21:00:56
DESTINATAIRE : parent@gmail.com
SUJET : Alerte Présence : eleve eleve (ABSENT)
MESSAGE : Bonjour, votre enfant eleve eleve a été marqué comme 'Absent' en Informatique (Cours Supplémentaire) le 20/02/2026 à 21:00.
========================================

========================================
DATE : 2026-02-20 22:41:11
DESTINATAIRE : parent@gmail.com
SUJET : Alerte Présence : eleve eleve (ABSENT)
RÉEL : ÉCHEC/NON CONFIGURÉ
MESSAGE : Bonjour, votre enfant <b>eleve eleve</b> a été marqué comme '<b>Absent</b>' en <b>Informatique</b> le 20/02/2026 à 22:41.
========================================

========================================
DATE : 2026-02-20 22:41:18
DESTINATAIRE : parent@gmail.com
SUJET : Alerte Présence : eleve eleve (EXCUSé)
RÉEL : ÉCHEC/NON CONFIGURÉ
MESSAGE : Bonjour, votre enfant <b>eleve eleve</b> a été marqué comme '<b>Excusé</b>' en <b>Informatique</b> le 20/02/2026 à 22:41.
========================================

========================================
DATE : 2026-02-20 22:45:00
DESTINATAIRE : parent@gmail.com
SUJET : Alerte Présence : eleve eleve (ABSENT)
RÉEL : ÉCHEC/NON CONFIGURÉ
MESSAGE : Bonjour, votre enfant <b>eleve eleve</b> a été marqué comme '<b>Absent</b>' en <b>Informatique</b> le 20/02/2026 à 22:45.
========================================

========================================
DATE : 2026-02-20 22:53:02
DESTINATAIRE : parent@gmail.com (Parent ID: 9)
MESSAGE : Bonjour, votre enfant <b>eleve eleve</b> a été marqué comme '<b>Absent</b>' en <b>Informatique</b> le 20/02/2026 à 22:53.
STATUT : Notification interne envoyée
========================================

========================================
DATE : 2026-09-25 22:01:31
DESTINATAIRE : admin@ecole.com
MESSAGE : Nouvelle inscription validée par le bot : rytyty yuyty (ENSEIGNANT) - score 100/100. Vérifiez les pièces justificatives et activez le compte.
STATUT : Notification admin envoyée
========================================

========================================
DATE : 2026-09-25 22:01:31
DESTINATAIRE : aq@gmail.com
MESSAGE : Nouvelle inscription validée par le bot : rytyty yuyty (ENSEIGNANT) - score 100/100. Vérifiez les pièces justificatives et activez le compte.
STATUT : Notification admin envoyée
========================================

========================================
DATE : 2026-09-25 22:03:24
DESTINATAIRE : admin@ecole.com
MESSAGE : Nouvelle inscription validée par le bot : DFGHJ ERTY (ELEVE) - score 100/100. Vérifiez les pièces justificatives et activez le compte.
STATUT : Notification admin envoyée
========================================

========================================
DATE : 2026-09-25 22:03:24
DESTINATAIRE : aq@gmail.com
MESSAGE : Nouvelle inscription validée par le bot : DFGHJ ERTY (ELEVE) - score 100/100. Vérifiez les pièces justificatives et activez le compte.
STATUT : Notification admin envoyée
========================================

========================================
DATE : 2026-09-25 22:12:36
DESTINATAIRE : admin@ecole.com
MESSAGE : Nouvelle inscription validée par le bot : NBVC WXCV (PARENT) - score 100/100. Vérifiez les pièces justificatives et activez le compte.
STATUT : Notification admin envoyée
========================================

========================================
DATE : 2026-09-25 22:12:36
DESTINATAIRE : aq@gmail.com
MESSAGE : Nouvelle inscription validée par le bot : NBVC WXCV (PARENT) - score 100/100. Vérifiez les pièces justificatives et activez le compte.
STATUT : Notification admin envoyée
========================================

========================================
DATE : 2026-09-26 07:44:42
DESTINATAIRE : admin@ecole.com
MESSAGE : Nouvelle inscription validée par le bot : Validation Bot (ELEVE) - score 100/100. Vérifiez les pièces justificatives et activez le compte.
STATUT : Notification admin envoyée
========================================

========================================
DATE : 2026-09-26 07:44:42
DESTINATAIRE : aq@gmail.com
MESSAGE : Nouvelle inscription validée par le bot : Validation Bot (ELEVE) - score 100/100. Vérifiez les pièces justificatives et activez le compte.
STATUT : Notification admin envoyée
========================================

========================================
DATE : 2026-09-26 07:49:25
DESTINATAIRE : admin@ecole.com
MESSAGE : Nouvelle inscription validée par le bot : kjuyhtgfd ertyu (ELEVE) - score 100/100. Vérifiez les pièces justificatives et activez le compte.
STATUT : Notification admin envoyée
========================================

========================================
DATE : 2026-09-26 07:49:25
DESTINATAIRE : aq@gmail.com
MESSAGE : Nouvelle inscription validée par le bot : kjuyhtgfd ertyu (ELEVE) - score 100/100. Vérifiez les pièces justificatives et activez le compte.
STATUT : Notification admin envoyée
========================================

========================================
DATE : 2026-09-26 07:54:48
DESTINATAIRE : admin@ecole.com
MESSAGE : Nouvelle inscription validée par le bot : Liaison Parent (PARENT) - score 100/100. Vérifiez les pièces justificatives et activez le compte.
STATUT : Notification admin envoyée
========================================

========================================
DATE : 2026-09-26 07:54:48
DESTINATAIRE : aq@gmail.com
MESSAGE : Nouvelle inscription validée par le bot : Liaison Parent (PARENT) - score 100/100. Vérifiez les pièces justificatives et activez le compte.
STATUT : Notification admin envoyée
========================================

========================================
DATE : 2026-09-26 08:03:38
DESTINATAIRE : admin@ecole.com
MESSAGE : Nouvelle inscription validée par le bot : Multi Parent (PARENT) - score 100/100. Vérifiez les pièces justificatives et activez le compte.
STATUT : Notification admin envoyée
========================================

========================================
DATE : 2026-09-26 08:03:38
DESTINATAIRE : aq@gmail.com
MESSAGE : Nouvelle inscription validée par le bot : Multi Parent (PARENT) - score 100/100. Vérifiez les pièces justificatives et activez le compte.
STATUT : Notification admin envoyée
========================================

